lcd.c:53:6:LCD_write.part.0	16	static
lcd.c:8:6:LCD_setRST	0	static
lcd.c:13:6:LCD_setCE	0	static
lcd.c:18:6:LCD_setDC	0	static
lcd.c:22:6:LCD_setDIN	0	static
lcd.c:27:6:LCD_setCLK	0	static
lcd.c:38:6:LCD_send	16	static
lcd.c:53:6:LCD_write	16	static
lcd.c:71:6:LCD_init	24	static
lcd.c:88:6:LCD_invert	0	static
lcd.c:101:6:LCD_invertText	0	static
lcd.c:114:6:LCD_putChar	32	static
lcd.c:128:6:LCD_print	40	static
lcd.c:138:6:LCD_clrScr	24	static
lcd.c:150:6:LCD_goXY	8	static
lcd.c:158:6:LCD_refreshScr	32	static
lcd.c:174:6:LCD_refreshArea	56	static
lcd.c:191:6:LCD_setPixel	8	static
lcd.c:211:6:LCD_drawHLine	28	static
lcd.c:229:6:LCD_drawVLine	20	static
lcd.c:243:5:abs	0	static
lcd.c:257:6:LCD_drawLine	56	static
lcd.c:336:6:LCD_drawRectangle	48	static
