Archive member included to satisfy reference by file (symbol)

/opt/st/stm32cubeide_1.0.0/plugins/com.st.stm32cube.ide.mcu.externaltools.gnu-tools-for-stm32.7-2018-q2-update.linux64_1.0.0.201904181610/tools/bin/../lib/gcc/arm-none-eabi/7.3.1/../../../../arm-none-eabi/lib/thumb/v7-m/libm.a(lib_a-wf_sqrt.o)
                              Drivers/DSP_Lib/Source/ComplexMathFunctions/arm_cmplx_mag_f32.o (sqrtf)
/opt/st/stm32cubeide_1.0.0/plugins/com.st.stm32cube.ide.mcu.externaltools.gnu-tools-for-stm32.7-2018-q2-update.linux64_1.0.0.201904181610/tools/bin/../lib/gcc/arm-none-eabi/7.3.1/../../../../arm-none-eabi/lib/thumb/v7-m/libm.a(lib_a-ef_sqrt.o)
                              /opt/st/stm32cubeide_1.0.0/plugins/com.st.stm32cube.ide.mcu.externaltools.gnu-tools-for-stm32.7-2018-q2-update.linux64_1.0.0.201904181610/tools/bin/../lib/gcc/arm-none-eabi/7.3.1/../../../../arm-none-eabi/lib/thumb/v7-m/libm.a(lib_a-wf_sqrt.o) (__ieee754_sqrtf)
/opt/st/stm32cubeide_1.0.0/plugins/com.st.stm32cube.ide.mcu.externaltools.gnu-tools-for-stm32.7-2018-q2-update.linux64_1.0.0.201904181610/tools/bin/../lib/gcc/arm-none-eabi/7.3.1/../../../../arm-none-eabi/lib/thumb/v7-m/libm.a(lib_a-s_lib_ver.o)
                              /opt/st/stm32cubeide_1.0.0/plugins/com.st.stm32cube.ide.mcu.externaltools.gnu-tools-for-stm32.7-2018-q2-update.linux64_1.0.0.201904181610/tools/bin/../lib/gcc/arm-none-eabi/7.3.1/../../../../arm-none-eabi/lib/thumb/v7-m/libm.a(lib_a-wf_sqrt.o) (__fdlib_version)
/opt/st/stm32cubeide_1.0.0/plugins/com.st.stm32cube.ide.mcu.externaltools.gnu-tools-for-stm32.7-2018-q2-update.linux64_1.0.0.201904181610/tools/bin/../lib/gcc/arm-none-eabi/7.3.1/../../../../arm-none-eabi/lib/thumb/v7-m/libm.a(lib_a-s_matherr.o)
                              /opt/st/stm32cubeide_1.0.0/plugins/com.st.stm32cube.ide.mcu.externaltools.gnu-tools-for-stm32.7-2018-q2-update.linux64_1.0.0.201904181610/tools/bin/../lib/gcc/arm-none-eabi/7.3.1/../../../../arm-none-eabi/lib/thumb/v7-m/libm.a(lib_a-wf_sqrt.o) (matherr)
/opt/st/stm32cubeide_1.0.0/plugins/com.st.stm32cube.ide.mcu.externaltools.gnu-tools-for-stm32.7-2018-q2-update.linux64_1.0.0.201904181610/tools/bin/../lib/gcc/arm-none-eabi/7.3.1/../../../../arm-none-eabi/lib/thumb/v7-m/libc_nano.a(lib_a-atoi.o)
                              Src/main.o (atoi)
/opt/st/stm32cubeide_1.0.0/plugins/com.st.stm32cube.ide.mcu.externaltools.gnu-tools-for-stm32.7-2018-q2-update.linux64_1.0.0.201904181610/tools/bin/../lib/gcc/arm-none-eabi/7.3.1/../../../../arm-none-eabi/lib/thumb/v7-m/libc_nano.a(lib_a-errno.o)
                              Src/syscalls.o (__errno)
/opt/st/stm32cubeide_1.0.0/plugins/com.st.stm32cube.ide.mcu.externaltools.gnu-tools-for-stm32.7-2018-q2-update.linux64_1.0.0.201904181610/tools/bin/../lib/gcc/arm-none-eabi/7.3.1/../../../../arm-none-eabi/lib/thumb/v7-m/libc_nano.a(lib_a-exit.o)
                              /opt/st/stm32cubeide_1.0.0/plugins/com.st.stm32cube.ide.mcu.externaltools.gnu-tools-for-stm32.7-2018-q2-update.linux64_1.0.0.201904181610/tools/bin/../lib/gcc/arm-none-eabi/7.3.1/../../../../arm-none-eabi/lib/thumb/v7-m/crt0.o (exit)
/opt/st/stm32cubeide_1.0.0/plugins/com.st.stm32cube.ide.mcu.externaltools.gnu-tools-for-stm32.7-2018-q2-update.linux64_1.0.0.201904181610/tools/bin/../lib/gcc/arm-none-eabi/7.3.1/../../../../arm-none-eabi/lib/thumb/v7-m/libc_nano.a(lib_a-impure.o)
                              /opt/st/stm32cubeide_1.0.0/plugins/com.st.stm32cube.ide.mcu.externaltools.gnu-tools-for-stm32.7-2018-q2-update.linux64_1.0.0.201904181610/tools/bin/../lib/gcc/arm-none-eabi/7.3.1/../../../../arm-none-eabi/lib/thumb/v7-m/libc_nano.a(lib_a-exit.o) (_global_impure_ptr)
/opt/st/stm32cubeide_1.0.0/plugins/com.st.stm32cube.ide.mcu.externaltools.gnu-tools-for-stm32.7-2018-q2-update.linux64_1.0.0.201904181610/tools/bin/../lib/gcc/arm-none-eabi/7.3.1/../../../../arm-none-eabi/lib/thumb/v7-m/libc_nano.a(lib_a-init.o)
                              /opt/st/stm32cubeide_1.0.0/plugins/com.st.stm32cube.ide.mcu.externaltools.gnu-tools-for-stm32.7-2018-q2-update.linux64_1.0.0.201904181610/tools/bin/../lib/gcc/arm-none-eabi/7.3.1/../../../../arm-none-eabi/lib/thumb/v7-m/crt0.o (__libc_init_array)
/opt/st/stm32cubeide_1.0.0/plugins/com.st.stm32cube.ide.mcu.externaltools.gnu-tools-for-stm32.7-2018-q2-update.linux64_1.0.0.201904181610/tools/bin/../lib/gcc/arm-none-eabi/7.3.1/../../../../arm-none-eabi/lib/thumb/v7-m/libc_nano.a(lib_a-memset.o)
                              /opt/st/stm32cubeide_1.0.0/plugins/com.st.stm32cube.ide.mcu.externaltools.gnu-tools-for-stm32.7-2018-q2-update.linux64_1.0.0.201904181610/tools/bin/../lib/gcc/arm-none-eabi/7.3.1/../../../../arm-none-eabi/lib/thumb/v7-m/crt0.o (memset)
/opt/st/stm32cubeide_1.0.0/plugins/com.st.stm32cube.ide.mcu.externaltools.gnu-tools-for-stm32.7-2018-q2-update.linux64_1.0.0.201904181610/tools/bin/../lib/gcc/arm-none-eabi/7.3.1/../../../../arm-none-eabi/lib/thumb/v7-m/libc_nano.a(lib_a-strtol.o)
[...]
Memory Configuration

Name             Origin             Length             Attributes
FLASH            0x0000000008000000 0x0000000000020000 xr
RAM              0x0000000020000000 0x0000000000005000 xrw
*default*        0x0000000000000000 0xffffffffffffffff

Linker script and memory map

LOAD /opt/st/stm32cubeide_1.0.0/plugins/com.st.stm32cube.ide.mcu.externaltools.gnu-tools-for-stm32.7-2018-q2-update.linux64_1.0.0.201904181610/tools/bin/../lib/gcc/arm-none-eabi/7.3.1/thumb/v7-m/crti.o
LOAD /opt/st/stm32cubeide_1.0.0/plugins/com.st.stm32cube.ide.mcu.externaltools.gnu-tools-for-stm32.7-2018-q2-update.linux64_1.0.0.201904181610/tools/bin/../lib/gcc/arm-none-eabi/7.3.1/thumb/v7-m/crtbegin.o
LOAD /opt/st/stm32cubeide_1.0.0/plugins/com.st.stm32cube.ide.mcu.externaltools.gnu-tools-for-stm32.7-2018-q2-update.linux64_1.0.0.201904181610/tools/bin/../lib/gcc/arm-none-eabi/7.3.1/../../../../arm-none-eabi/lib/thumb/v7-m/crt0.o
LOAD Drivers/DSP_Lib/Source/BasicMathFunctions/arm_abs_f32.o
LOAD Drivers/DSP_Lib/Source/BasicMathFunctions/arm_abs_q15.o
LOAD Drivers/DSP_Lib/Source/BasicMathFunctions/arm_abs_q31.o
LOAD Drivers/DSP_Lib/Source/BasicMathFunctions/arm_abs_q7.o
LOAD Drivers/DSP_Lib/Source/BasicMathFunctions/arm_add_f32.o
LOAD Drivers/DSP_Lib/Source/BasicMathFunctions/arm_add_q15.o
LOAD Drivers/DSP_Lib/Source/BasicMathFunctions/arm_add_q31.o
LOAD Drivers/DSP_Lib/Source/BasicMathFunctions/arm_add_q7.o
LOAD Drivers/DSP_Lib/Source/BasicMathFunctions/arm_dot_prod_f32.o
LOAD Drivers/DSP_Lib/Source/BasicMathFunctions/arm_dot_prod_q15.o
LOAD Drivers/DSP_Lib/Source/BasicMathFunctions/arm_dot_prod_q31.o
LOAD Drivers/DSP_Lib/Source/BasicMathFunctions/arm_dot_prod_q7.o
LOAD Drivers/DSP_Lib/Source/BasicMathFunctions/arm_mult_f32.o
LOAD Drivers/DSP_Lib/Source/BasicMathFunctions/arm_mult_q15.o
LOAD Drivers/DSP_Lib/Source/BasicMathFunctions/arm_mult_q31.o
LOAD Drivers/DSP_Lib/Source/BasicMathFunctions/arm_mult_q7.o
LOAD Drivers/DSP_Lib/Source/BasicMathFunctions/arm_negate_f32.o
LOAD Drivers/DSP_Lib/Source/BasicMathFunctions/arm_negate_q15.o
LOAD Drivers/DSP_Lib/Source/BasicMathFunctions/arm_negate_q31.o
LOAD Drivers/DSP_Lib/Source/BasicMathFunctions/arm_negate_q7.o
LOAD Drivers/DSP_Lib/Source/BasicMathFunctions/arm_offset_f32.o
LOAD Drivers/DSP_Lib/Source/BasicMathFunctions/arm_offset_q15.o
LOAD Drivers/DSP_Lib/Source/BasicMathFunctions/arm_offset_q31.o
LOAD Drivers/DSP_Lib/Source/BasicMathFunctions/arm_offset_q7.o
LOAD Drivers/DSP_Lib/Source/BasicMathFunctions/arm_scale_f32.o
LOAD Drivers/DSP_Lib/Source/BasicMathFunctions/arm_scale_q15.o
LOAD Drivers/DSP_Lib/Source/BasicMathFunctions/arm_scale_q31.o
LOAD Drivers/DSP_Lib/Source/BasicMathFunctions/arm_scale_q7.o
LOAD Drivers/DSP_Lib/Source/BasicMathFunctions/arm_shift_q15.o
LOAD Drivers/DSP_Lib/Source/BasicMathFunctions/arm_shift_q31.o
LOAD Drivers/DSP_Lib/Source/BasicMathFunctions/arm_shift_q7.o
LOAD Drivers/DSP_Lib/Source/BasicMathFunctions/arm_sub_f32.o
LOAD Drivers/DSP_Lib/Source/BasicMathFunctions/arm_sub_q15.o
LOAD Drivers/DSP_Lib/Source/BasicMathFunctions/arm_sub_q31.o
LOAD Drivers/DSP_Lib/Source/BasicMathFunctions/arm_sub_q7.o
LOAD Drivers/DSP_Lib/Source/CommonTables/arm_common_tables.o
LOAD Drivers/DSP_Lib/Source/CommonTables/arm_const_structs.o
LOAD Drivers/DSP_Lib/Source/ComplexMathFunctions/arm_cmplx_conj_f32.o
LOAD Drivers/DSP_Lib/Source/ComplexMathFunctions/arm_cmplx_conj_q15.o
LOAD Drivers/DSP_Lib/Source/ComplexMathFunctions/arm_cmplx_conj_q31.o
LOAD Drivers/DSP_Lib/Source/ComplexMathFunctions/arm_cmplx_dot_prod_f32.o
LOAD Drivers/DSP_Lib/Source/ComplexMathFunctions/arm_cmplx_dot_prod_q15.o
LOAD Drivers/DSP_Lib/Source/ComplexMathFunctions/arm_cmplx_dot_prod_q31.o
LOAD Drivers/DSP_Lib/Source/ComplexMathFunctions/arm_cmplx_mag_f32.o
LOAD Drivers/DSP_Lib/Source/ComplexMathFunctions/arm_cmplx_mag_q15.o
LOAD Drivers/DSP_Lib/Source/ComplexMathFunctions/arm_cmplx_mag_q31.o
LOAD Drivers/DSP_Lib/Source/ComplexMathFunctions/arm_cmplx_mag_squared_f32.o
LOAD Drivers/DSP_Lib/Source/ComplexMathFunctions/arm_cmplx_mag_squared_q15.o
LOAD Drivers/DSP_Lib/Source/ComplexMathFunctions/arm_cmplx_mag_squared_q31.o
LOAD Drivers/DSP_Lib/Source/ComplexMathFunctions/arm_cmplx_mult_cmplx_f32.o
LOAD Drivers/DSP_Lib/Source/ComplexMathFunctions/arm_cmplx_mult_cmplx_q15.o
LOAD Drivers/DSP_Lib/Source/ComplexMathFunctions/arm_cmplx_mult_cmplx_q31.o
LOAD Drivers/DSP_Lib/Source/ComplexMathFunctions/arm_cmplx_mult_real_f32.o
LOAD Drivers/DSP_Lib/Source/ComplexMathFunctions/arm_cmplx_mult_real_q15.o
LOAD Drivers/DSP_Lib/Source/ComplexMathFunctions/arm_cmplx_mult_real_q31.o
LOAD Drivers/DSP_Lib/Source/ControllerFunctions/arm_pid_init_f32.o
LOAD Drivers/DSP_Lib/Source/ControllerFunctions/arm_pid_init_q15.o
LOAD Drivers/DSP_Lib/Source/ControllerFunctions/arm_pid_init_q31.o
LOAD Drivers/DSP_Lib/Source/ControllerFunctions/arm_pid_reset_f32.o
LOAD Drivers/DSP_Lib/Source/ControllerFunctions/arm_pid_reset_q15.o
LOAD Drivers/DSP_Lib/Source/ControllerFunctions/arm_pid_reset_q31.o
LOAD Drivers/DSP_Lib/Source/ControllerFunctions/arm_sin_cos_f32.o
LOAD Drivers/DSP_Lib/Source/ControllerFunctions/arm_sin_cos_q31.o
LOAD Drivers/DSP_Lib/Source/FastMathFunctions/arm_cos_f32.o
LOAD Drivers/DSP_Lib/Source/FastMathFunctions/arm_cos_q15.o
LOAD Drivers/DSP_Lib/Source/FastMathFunctions/arm_cos_q31.o
LOAD Drivers/DSP_Lib/Source/FastMathFunctions/arm_sin_f32.o
LOAD Drivers/DSP_Lib/Source/FastMathFunctions/arm_sin_q15.o
LOAD Drivers/DSP_Lib/Source/FastMathFunctions/arm_sin_q31.o
LOAD Drivers/DSP_Lib/Source/FastMathFunctions/arm_sqrt_q15.o
LOAD Drivers/DSP_Lib/Source/FastMathFunctions/arm_sqrt_q31.o
LOAD Drivers/DSP_Lib/Source/FilteringFunctions/arm_biquad_cascade_df1_32x64_init_q31.o
LOAD Drivers/DSP_Lib/Source/FilteringFunctions/arm_biquad_cascade_df1_32x64_q31.o
LOAD Drivers/DSP_Lib/Source/FilteringFunctions/arm_biquad_cascade_df1_f32.o
LOAD Drivers/DSP_Lib/Source/FilteringFunctions/arm_biquad_cascade_df1_fast_q15.o
LOAD Drivers/DSP_Lib/Source/FilteringFunctions/arm_biquad_cascade_df1_fast_q31.o
LOAD Drivers/DSP_Lib/Source/FilteringFunctions/arm_biquad_cascade_df1_init_f32.o
LOAD Drivers/DSP_Lib/Source/FilteringFunctions/arm_biquad_cascade_df1_init_q15.o
LOAD Drivers/DSP_Lib/Source/FilteringFunctions/arm_biquad_cascade_df1_init_q31.o
LOAD Drivers/DSP_Lib/Source/FilteringFunctions/arm_biquad_cascade_df1_q15.o
LOAD Drivers/DSP_Lib/Source/FilteringFunctions/arm_biquad_cascade_df1_q31.o
LOAD Drivers/DSP_Lib/Source/FilteringFunctions/arm_biquad_cascade_df2T_f32.o
LOAD Drivers/DSP_Lib/Source/FilteringFunctions/arm_biquad_cascade_df2T_f64.o
LOAD Drivers/DSP_Lib/Source/FilteringFunctions/arm_biquad_cascade_df2T_init_f32.o
LOAD Drivers/DSP_Lib/Source/FilteringFunctions/arm_biquad_cascade_df2T_init_f64.o
LOAD Drivers/DSP_Lib/Source/FilteringFunctions/arm_biquad_cascade_stereo_df2T_f32.o
LOAD Drivers/DSP_Lib/Source/FilteringFunctions/arm_biquad_cascade_stereo_df2T_init_f32.o
LOAD Drivers/DSP_Lib/Source/FilteringFunctions/arm_conv_f32.o
LOAD Drivers/DSP_Lib/Source/FilteringFunctions/arm_conv_fast_opt_q15.o
LOAD Drivers/DSP_Lib/Source/FilteringFunctions/arm_conv_fast_q15.o
LOAD Drivers/DSP_Lib/Source/FilteringFunctions/arm_conv_fast_q31.o
LOAD Drivers/DSP_Lib/Source/FilteringFunctions/arm_conv_opt_q15.o
LOAD Drivers/DSP_Lib/Source/FilteringFunctions/arm_conv_opt_q7.o
LOAD Drivers/DSP_Lib/Source/FilteringFunctions/arm_conv_partial_f32.o
LOAD Drivers/DSP_Lib/Source/FilteringFunctions/arm_conv_partial_fast_opt_q15.o
LOAD Drivers/DSP_Lib/Source/FilteringFunctions/arm_conv_partial_fast_q15.o
LOAD Drivers/DSP_Lib/Source/FilteringFunctions/arm_conv_partial_fast_q31.o
LOAD Drivers/DSP_Lib/Source/FilteringFunctions/arm_conv_partial_opt_q15.o
LOAD Drivers/DSP_Lib/Source/FilteringFunctions/arm_conv_partial_opt_q7.o
LOAD Drivers/DSP_Lib/Source/FilteringFunctions/arm_conv_partial_q15.o
LOAD Drivers/DSP_Lib/Source/FilteringFunctions/arm_conv_partial_q31.o
LOAD Drivers/DSP_Lib/Source/FilteringFunctions/arm_conv_partial_q7.o
LOAD Drivers/DSP_Lib/Source/FilteringFunctions/arm_conv_q15.o
LOAD Drivers/DSP_Lib/Source/FilteringFunctions/arm_conv_q31.o
LOAD Drivers/DSP_Lib/Source/FilteringFunctions/arm_conv_q7.o
LOAD Drivers/DSP_Lib/Source/FilteringFunctions/arm_correlate_f32.o
LOAD Drivers/DSP_Lib/Source/FilteringFunctions/arm_correlate_fast_opt_q15.o
LOAD Drivers/DSP_Lib/Source/FilteringFunctions/arm_correlate_fast_q15.o
LOAD Drivers/DSP_Lib/Source/FilteringFunctions/arm_correlate_fast_q31.o
LOAD Drivers/DSP_Lib/Source/FilteringFunctions/arm_correlate_opt_q15.o
LOAD Drivers/DSP_Lib/Source/FilteringFunctions/arm_correlate_opt_q7.o
LOAD Drivers/DSP_Lib/Source/FilteringFunctions/arm_correlate_q15.o
LOAD Drivers/DSP_Lib/Source/FilteringFunctions/arm_correlate_q31.o
LOAD Drivers/DSP_Lib/Source/FilteringFunctions/arm_correlate_q7.o
LOAD Drivers/DSP_Lib/Source/FilteringFunctions/arm_fir_decimate_f32.o
LOAD Drivers/DSP_Lib/Source/FilteringFunctions/arm_fir_decimate_fast_q15.o
LOAD Drivers/DSP_Lib/Source/FilteringFunctions/arm_fir_decimate_fast_q31.o
LOAD Drivers/DSP_Lib/Source/FilteringFunctions/arm_fir_decimate_init_f32.o
LOAD Drivers/DSP_Lib/Source/FilteringFunctions/arm_fir_decimate_init_q15.o
LOAD Drivers/DSP_Lib/Source/FilteringFunctions/arm_fir_decimate_init_q31.o
LOAD Drivers/DSP_Lib/Source/FilteringFunctions/arm_fir_decimate_q15.o
LOAD Drivers/DSP_Lib/Source/FilteringFunctions/arm_fir_decimate_q31.o
LOAD Drivers/DSP_Lib/Source/FilteringFunctions/arm_fir_f32.o
LOAD Drivers/DSP_Lib/Source/FilteringFunctions/arm_fir_fast_q15.o
LOAD Drivers/DSP_Lib/Source/FilteringFunctions/arm_fir_fast_q31.o
LOAD Drivers/DSP_Lib/Source/FilteringFunctions/arm_fir_init_f32.o
LOAD Drivers/DSP_Lib/Source/FilteringFunctions/arm_fir_init_q15.o
LOAD Drivers/DSP_Lib/Source/FilteringFunctions/arm_fir_init_q31.o
LOAD Drivers/DSP_Lib/Source/FilteringFunctions/arm_fir_init_q7.o
LOAD Drivers/DSP_Lib/Source/FilteringFunctions/arm_fir_interpolate_f32.o
LOAD Drivers/DSP_Lib/Source/FilteringFunctions/arm_fir_interpolate_init_f32.o
LOAD Drivers/DSP_Lib/Source/FilteringFunctions/arm_fir_interpolate_init_q15.o
LOAD Drivers/DSP_Lib/Source/FilteringFunctions/arm_fir_interpolate_init_q31.o
LOAD Drivers/DSP_Lib/Source/FilteringFunctions/arm_fir_interpolate_q15.o
LOAD Drivers/DSP_Lib/Source/FilteringFunctions/arm_fir_interpolate_q31.o
LOAD Drivers/DSP_Lib/Source/FilteringFunctions/arm_fir_lattice_f32.o
LOAD Drivers/DSP_Lib/Source/FilteringFunctions/arm_fir_lattice_init_f32.o
LOAD Drivers/DSP_Lib/Source/FilteringFunctions/arm_fir_lattice_init_q15.o
LOAD Drivers/DSP_Lib/Source/FilteringFunctions/arm_fir_lattice_init_q31.o
LOAD Drivers/DSP_Lib/Source/FilteringFunctions/arm_fir_lattice_q15.o
LOAD Drivers/DSP_Lib/Source/FilteringFunctions/arm_fir_lattice_q31.o
LOAD Drivers/DSP_Lib/Source/FilteringFunctions/arm_fir_q15.o
LOAD Drivers/DSP_Lib/Source/FilteringFunctions/arm_fir_q31.o
LOAD Drivers/DSP_Lib/Source/FilteringFunctions/arm_fir_q7.o
LOAD Drivers/DSP_Lib/Source/FilteringFunctions/arm_fir_sparse_f32.o
LOAD Drivers/DSP_Lib/Source/FilteringFunctions/arm_fir_sparse_init_f32.o
LOAD Drivers/DSP_Lib/Source/FilteringFunctions/arm_fir_sparse_init_q15.o
LOAD Drivers/DSP_Lib/Source/FilteringFunctions/arm_fir_sparse_init_q31.o
LOAD Drivers/DSP_Lib/Source/FilteringFunctions/arm_fir_sparse_init_q7.o
LOAD Drivers/DSP_Lib/Source/FilteringFunctions/arm_fir_sparse_q15.o
LOAD Drivers/DSP_Lib/Source/FilteringFunctions/arm_fir_sparse_q31.o
LOAD Drivers/DSP_Lib/Source/FilteringFunctions/arm_fir_sparse_q7.o
LOAD Drivers/DSP_Lib/Source/FilteringFunctions/arm_iir_lattice_f32.o
LOAD Drivers/DSP_Lib/Source/FilteringFunctions/arm_iir_lattice_init_f32.o
LOAD Drivers/DSP_Lib/Source/FilteringFunctions/arm_iir_lattice_init_q15.o
LOAD Drivers/DSP_Lib/Source/FilteringFunctions/arm_iir_lattice_init_q31.o
LOAD Drivers/DSP_Lib/Source/FilteringFunctions/arm_iir_lattice_q15.o
LOAD Drivers/DSP_Lib/Source/FilteringFunctions/arm_iir_lattice_q31.o
LOAD Drivers/DSP_Lib/Source/FilteringFunctions/arm_lms_f32.o
LOAD Drivers/DSP_Lib/Source/FilteringFunctions/arm_lms_init_f32.o
LOAD Drivers/DSP_Lib/Source/FilteringFunctions/arm_lms_init_q15.o
LOAD Drivers/DSP_Lib/Source/FilteringFunctions/arm_lms_init_q31.o
LOAD Drivers/DSP_Lib/Source/FilteringFunctions/arm_lms_norm_f32.o
LOAD Drivers/DSP_Lib/Source/FilteringFunctions/arm_lms_norm_init_f32.o
LOAD Drivers/DSP_Lib/Source/FilteringFunctions/arm_lms_norm_init_q15.o
LOAD Drivers/DSP_Lib/Source/FilteringFunctions/arm_lms_norm_init_q31.o
LOAD Drivers/DSP_Lib/Source/FilteringFunctions/arm_lms_norm_q15.o
LOAD Drivers/DSP_Lib/Source/FilteringFunctions/arm_lms_norm_q31.o
LOAD Drivers/DSP_Lib/Source/FilteringFunctions/arm_lms_q15.o
LOAD Drivers/DSP_Lib/Source/FilteringFunctions/arm_lms_q31.o
LOAD Drivers/DSP_Lib/Source/MatrixFunctions/arm_mat_add_f32.o
LOAD Drivers/DSP_Lib/Source/MatrixFunctions/arm_mat_add_q15.o
LOAD Drivers/DSP_Lib/Source/MatrixFunctions/arm_mat_add_q31.o
LOAD Drivers/DSP_Lib/Source/MatrixFunctions/arm_mat_cmplx_mult_f32.o
LOAD Drivers/DSP_Lib/Source/MatrixFunctions/arm_mat_cmplx_mult_q15.o
LOAD Drivers/DSP_Lib/Source/MatrixFunctions/arm_mat_cmplx_mult_q31.o
LOAD Drivers/DSP_Lib/Source/MatrixFunctions/arm_mat_init_f32.o
LOAD Drivers/DSP_Lib/Source/MatrixFunctions/arm_mat_init_q15.o
LOAD Drivers/DSP_Lib/Source/MatrixFunctions/arm_mat_init_q31.o
LOAD Drivers/DSP_Lib/Source/MatrixFunctions/arm_mat_inverse_f32.o
LOAD Drivers/DSP_Lib/Source/MatrixFunctions/arm_mat_inverse_f64.o
LOAD Drivers/DSP_Lib/Source/MatrixFunctions/arm_mat_mult_f32.o
LOAD Drivers/DSP_Lib/Source/MatrixFunctions/arm_mat_mult_fast_q15.o
LOAD Drivers/DSP_Lib/Source/MatrixFunctions/arm_mat_mult_fast_q31.o
LOAD Drivers/DSP_Lib/Source/MatrixFunctions/arm_mat_mult_q15.o
LOAD Drivers/DSP_Lib/Source/MatrixFunctions/arm_mat_mult_q31.o
LOAD Drivers/DSP_Lib/Source/MatrixFunctions/arm_mat_scale_f32.o
LOAD Drivers/DSP_Lib/Source/MatrixFunctions/arm_mat_scale_q15.o
LOAD Drivers/DSP_Lib/Source/MatrixFunctions/arm_mat_scale_q31.o
LOAD Drivers/DSP_Lib/Source/MatrixFunctions/arm_mat_sub_f32.o
LOAD Drivers/DSP_Lib/Source/MatrixFunctions/arm_mat_sub_q15.o
LOAD Drivers/DSP_Lib/Source/MatrixFunctions/arm_mat_sub_q31.o
LOAD Drivers/DSP_Lib/Source/MatrixFunctions/arm_mat_trans_f32.o
LOAD Drivers/DSP_Lib/Source/MatrixFunctions/arm_mat_trans_q15.o
LOAD Drivers/DSP_Lib/Source/MatrixFunctions/arm_mat_trans_q31.o
LOAD Drivers/DSP_Lib/Source/StatisticsFunctions/arm_max_f32.o
LOAD Drivers/DSP_Lib/Source/StatisticsFunctions/arm_max_q15.o
LOAD Drivers/DSP_Lib/Source/StatisticsFunctions/arm_max_q31.o
LOAD Drivers/DSP_Lib/Source/StatisticsFunctions/arm_max_q7.o
LOAD Drivers/DSP_Lib/Source/StatisticsFunctions/arm_mean_f32.o
LOAD Drivers/DSP_Lib/Source/StatisticsFunctions/arm_mean_q15.o
LOAD Drivers/DSP_Lib/Source/StatisticsFunctions/arm_mean_q31.o
LOAD Drivers/DSP_Lib/Source/StatisticsFunctions/arm_mean_q7.o
LOAD Drivers/DSP_Lib/Source/StatisticsFunctions/arm_min_f32.o
LOAD Drivers/DSP_Lib/Source/StatisticsFunctions/arm_min_q15.o
LOAD Drivers/DSP_Lib/Source/StatisticsFunctions/arm_min_q31.o
LOAD Drivers/DSP_Lib/Source/StatisticsFunctions/arm_min_q7.o
LOAD Drivers/DSP_Lib/Source/StatisticsFunctions/arm_power_f32.o
LOAD Drivers/DSP_Lib/Source/StatisticsFunctions/arm_power_q15.o
LOAD Drivers/DSP_Lib/Source/StatisticsFunctions/arm_power_q31.o
LOAD Drivers/DSP_Lib/Source/StatisticsFunctions/arm_power_q7.o
LOAD Drivers/DSP_Lib/Source/StatisticsFunctions/arm_rms_f32.o
LOAD Drivers/DSP_Lib/Source/StatisticsFunctions/arm_rms_q15.o
LOAD Drivers/DSP_Lib/Source/StatisticsFunctions/arm_rms_q31.o
LOAD Drivers/DSP_Lib/Source/StatisticsFunctions/arm_std_f32.o
LOAD Drivers/DSP_Lib/Source/StatisticsFunctions/arm_std_q15.o
LOAD Drivers/DSP_Lib/Source/StatisticsFunctions/arm_std_q31.o
LOAD Drivers/DSP_Lib/Source/StatisticsFunctions/arm_var_f32.o
LOAD Drivers/DSP_Lib/Source/StatisticsFunctions/arm_var_q15.o
LOAD Drivers/DSP_Lib/Source/StatisticsFunctions/arm_var_q31.o
LOAD Drivers/DSP_Lib/Source/SupportFunctions/arm_copy_f32.o
LOAD Drivers/DSP_Lib/Source/SupportFunctions/arm_copy_q15.o
LOAD Drivers/DSP_Lib/Source/SupportFunctions/arm_copy_q31.o
LOAD Drivers/DSP_Lib/Source/SupportFunctions/arm_copy_q7.o
LOAD Drivers/DSP_Lib/Source/SupportFunctions/arm_fill_f32.o
LOAD Drivers/DSP_Lib/Source/SupportFunctions/arm_fill_q15.o
LOAD Drivers/DSP_Lib/Source/SupportFunctions/arm_fill_q31.o
LOAD Drivers/DSP_Lib/Source/SupportFunctions/arm_fill_q7.o
LOAD Drivers/DSP_Lib/Source/SupportFunctions/arm_float_to_q15.o
LOAD Drivers/DSP_Lib/Source/SupportFunctions/arm_float_to_q31.o
LOAD Drivers/DSP_Lib/Source/SupportFunctions/arm_float_to_q7.o
LOAD Drivers/DSP_Lib/Source/SupportFunctions/arm_q15_to_float.o
LOAD Drivers/DSP_Lib/Source/SupportFunctions/arm_q15_to_q31.o
LOAD Drivers/DSP_Lib/Source/SupportFunctions/arm_q15_to_q7.o
LOAD Drivers/DSP_Lib/Source/SupportFunctions/arm_q31_to_float.o
LOAD Drivers/DSP_Lib/Source/SupportFunctions/arm_q31_to_q15.o
LOAD Drivers/DSP_Lib/Source/SupportFunctions/arm_q31_to_q7.o
LOAD Drivers/DSP_Lib/Source/SupportFunctions/arm_q7_to_float.o
LOAD Drivers/DSP_Lib/Source/SupportFunctions/arm_q7_to_q15.o
LOAD Drivers/DSP_Lib/Source/SupportFunctions/arm_q7_to_q31.o
LOAD Drivers/DSP_Lib/Source/TransformFunctions/arm_bitreversal.o
LOAD Drivers/DSP_Lib/Source/TransformFunctions/arm_bitreversal2.o
LOAD Drivers/DSP_Lib/Source/TransformFunctions/arm_cfft_f32.o
LOAD Drivers/DSP_Lib/Source/TransformFunctions/arm_cfft_q15.o
LOAD Drivers/DSP_Lib/Source/TransformFunctions/arm_cfft_q31.o
LOAD Drivers/DSP_Lib/Source/TransformFunctions/arm_cfft_radix2_f32.o
LOAD Drivers/DSP_Lib/Source/TransformFunctions/arm_cfft_radix2_init_f32.o
LOAD Drivers/DSP_Lib/Source/TransformFunctions/arm_cfft_radix2_init_q15.o
LOAD Drivers/DSP_Lib/Source/TransformFunctions/arm_cfft_radix2_init_q31.o
LOAD Drivers/DSP_Lib/Source/TransformFunctions/arm_cfft_radix2_q15.o
LOAD Drivers/DSP_Lib/Source/TransformFunctions/arm_cfft_radix2_q31.o
LOAD Drivers/DSP_Lib/Source/TransformFunctions/arm_cfft_radix4_f32.o
LOAD Drivers/DSP_Lib/Source/TransformFunctions/arm_cfft_radix4_init_f32.o
LOAD Drivers/DSP_Lib/Source/TransformFunctions/arm_cfft_radix4_init_q15.o
LOAD Drivers/DSP_Lib/Source/TransformFunctions/arm_cfft_radix4_init_q31.o
LOAD Drivers/DSP_Lib/Source/TransformFunctions/arm_cfft_radix4_q15.o
LOAD Drivers/DSP_Lib/Source/TransformFunctions/arm_cfft_radix4_q31.o
LOAD Drivers/DSP_Lib/Source/TransformFunctions/arm_cfft_radix8_f32.o
LOAD Drivers/DSP_Lib/Source/TransformFunctions/arm_dct4_f32.o
LOAD Drivers/DSP_Lib/Source/TransformFunctions/arm_dct4_init_f32.o
LOAD Drivers/DSP_Lib/Source/TransformFunctions/arm_dct4_init_q15.o
LOAD Drivers/DSP_Lib/Source/TransformFunctions/arm_dct4_init_q31.o
LOAD Drivers/DSP_Lib/Source/TransformFunctions/arm_dct4_q15.o
LOAD Drivers/DSP_Lib/Source/TransformFunctions/arm_dct4_q31.o
LOAD Drivers/DSP_Lib/Source/TransformFunctions/arm_rfft_f32.o
LOAD Drivers/DSP_Lib/Source/TransformFunctions/arm_rfft_fast_f32.o
LOAD Drivers/DSP_Lib/Source/TransformFunctions/arm_rfft_fast_init_f32.o
LOAD Drivers/DSP_Lib/Source/TransformFunctions/arm_rfft_init_f32.o
LOAD Drivers/DSP_Lib/Source/TransformFunctions/arm_rfft_init_q15.o
LOAD Drivers/DSP_Lib/Source/TransformFunctions/arm_rfft_init_q31.o
LOAD Drivers/DSP_Lib/Source/TransformFunctions/arm_rfft_q15.o
LOAD Drivers/DSP_Lib/Source/TransformFunctions/arm_rfft_q31.o
LOAD Drivers/STM32F1xx_HAL_Driver/Src/stm32f1xx_hal.o
LOAD Drivers/STM32F1xx_HAL_Driver/Src/stm32f1xx_hal_adc.o
LOAD Drivers/STM32F1xx_HAL_Driver/Src/stm32f1xx_hal_adc_ex.o
LOAD Drivers/STM32F1xx_HAL_Driver/Src/stm32f1xx_hal_cortex.o
LOAD Drivers/STM32F1xx_HAL_Driver/Src/stm32f1xx_hal_dma.o
LOAD Drivers/STM32F1xx_HAL_Driver/Src/stm32f1xx_hal_flash.o
LOAD Drivers/STM32F1xx_HAL_Driver/Src/stm32f1xx_hal_flash_ex.o
LOAD Drivers/STM32F1xx_HAL_Driver/Src/stm32f1xx_hal_gpio.o
LOAD Drivers/STM32F1xx_HAL_Driver/Src/stm32f1xx_hal_gpio_ex.o
LOAD Drivers/STM32F1xx_HAL_Driver/Src/stm32f1xx_hal_pwr.o
LOAD Drivers/STM32F1xx_HAL_Driver/Src/stm32f1xx_hal_rcc.o
LOAD Drivers/STM32F1xx_HAL_Driver/Src/stm32f1xx_hal_rcc_ex.o
LOAD Drivers/STM32F1xx_HAL_Driver/Src/stm32f1xx_hal_tim.o
LOAD Drivers/STM32F1xx_HAL_Driver/Src/stm32f1xx_hal_tim_ex.o
LOAD Src/lcd.o
LOAD Src/main.o
LOAD Src/stm32f1xx_hal_msp.o
LOAD Src/stm32f1xx_it.o
LOAD Src/syscalls.o
LOAD Src/sysmem.o
LOAD Src/system_stm32f1xx.o
LOAD Startup/startup_stm32f103rbtx.o
START GROUP
LOAD /opt/st/stm32cubeide_1.0.0/plugins/com.st.stm32cube.ide.mcu.externaltools.gnu-tools-for-stm32.7-2018-q2-update.linux64_1.0.0.201904181610/tools/bin/../lib/gcc/arm-none-eabi/7.3.1/../../../../arm-none-eabi/lib/thumb/v7-m/libstdc++_nano.a
LOAD /opt/st/stm32cubeide_1.0.0/plugins/com.st.stm32cube.ide.mcu.externaltools.gnu-tools-for-stm32.7-2018-q2-update.linux64_1.0.0.201904181610/tools/bin/../lib/gcc/arm-none-eabi/7.3.1/../../../../arm-none-eabi/lib/thumb/v7-m/libsupc++_nano.a
END GROUP
LOAD /opt/st/stm32cubeide_1.0.0/plugins/com.st.stm32cube.ide.mcu.externaltools.gnu-tools-for-stm32.7-2018-q2-update.linux64_1.0.0.201904181610/tools/bin/../lib/gcc/arm-none-eabi/7.3.1/../../../../arm-none-eabi/lib/thumb/v7-m/libstdc++_nano.a
LOAD /opt/st/stm32cubeide_1.0.0/plugins/com.st.stm32cube.ide.mcu.externaltools.gnu-tools-for-stm32.7-2018-q2-update.linux64_1.0.0.201904181610/tools/bin/../lib/gcc/arm-none-eabi/7.3.1/../../../../arm-none-eabi/lib/thumb/v7-m/libm.a
LOAD /opt/st/stm32cubeide_1.0.0/plugins/com.st.stm32cube.ide.mcu.externaltools.gnu-tools-for-stm32.7-2018-q2-update.linux64_1.0.0.201904181610/tools/bin/../lib/gcc/arm-none-eabi/7.3.1/../../../../arm-none-eabi/lib/thumb/v7-m/libc_nano.a
START GROUP
LOAD /opt/st/stm32cubeide_1.0.0/plugins/com.st.stm32cube.ide.mcu.externaltools.gnu-tools-for-stm32.7-2018-q2-update.linux64_1.0.0.201904181610/tools/bin/../lib/gcc/arm-none-eabi/7.3.1/thumb/v7-m/libgcc.a
LOAD /opt/st/stm32cubeide_1.0.0/plugins/com.st.stm32cube.ide.mcu.externaltools.gnu-tools-for-stm32.7-2018-q2-update.linux64_1.0.0.201904181610/tools/bin/../lib/gcc/arm-none-eabi/7.3.1/../../../../arm-none-eabi/lib/thumb/v7-m/libc_nano.a
END GROUP
START GROUP
LOAD /opt/st/stm32cubeide_1.0.0/plugins/com.st.stm32cube.ide.mcu.externaltools.gnu-tools-for-stm32.7-2018-q2-update.linux64_1.0.0.201904181610/tools/bin/../lib/gcc/arm-none-eabi/7.3.1/thumb/v7-m/libgcc.a
LOAD /opt/st/stm32cubeide_1.0.0/plugins/com.st.stm32cube.ide.mcu.externaltools.gnu-tools-for-stm32.7-2018-q2-update.linux64_1.0.0.201904181610/tools/bin/../lib/gcc/arm-none-eabi/7.3.1/../../../../arm-none-eabi/lib/thumb/v7-m/libc_nano.a
LOAD /opt/st/stm32cubeide_1.0.0/plugins/com.st.stm32cube.ide.mcu.externaltools.gnu-tools-for-stm32.7-2018-q2-update.linux64_1.0.0.201904181610/tools/bin/../lib/gcc/arm-none-eabi/7.3.1/../../../../arm-none-eabi/lib/thumb/v7-m/libnosys.a
END GROUP
START GROUP
LOAD /opt/st/stm32cubeide_1.0.0/plugins/com.st.stm32cube.ide.mcu.externaltools.gnu-tools-for-stm32.7-2018-q2-update.linux64_1.0.0.201904181610/tools/bin/../lib/gcc/arm-none-eabi/7.3.1/thumb/v7-m/libgcc.a
LOAD /opt/st/stm32cubeide_1.0.0/plugins/com.st.stm32cube.ide.mcu.externaltools.gnu-tools-for-stm32.7-2018-q2-update.linux64_1.0.0.201904181610/tools/bin/../lib/gcc/arm-none-eabi/7.3.1/../../../../arm-none-eabi/lib/thumb/v7-m/libc_nano.a
LOAD /opt/st/stm32cubeide_1.0.0/plugins/com.st.stm32cube.ide.mcu.externaltools.gnu-tools-for-stm32.7-2018-q2-update.linux64_1.0.0.201904181610/tools/bin/../lib/gcc/arm-none-eabi/7.3.1/../../../../arm-none-eabi/lib/thumb/v7-m/libnosys.a
END GROUP
LOAD /opt/st/stm32cubeide_1.0.0/plugins/com.st.stm32cube.ide.mcu.externaltools.gnu-tools-for-stm32.7-2018-q2-update.linux64_1.0.0.201904181610/tools/bin/../lib/gcc/arm-none-eabi/7.3.1/thumb/v7-m/crtend.o
LOAD /opt/st/stm32cubeide_1.0.0/plugins/com.st.stm32cube.ide.mcu.externaltools.gnu-tools-for-stm32.7-2018-q2-update.linux64_1.0.0.201904181610/tools/bin/../lib/gcc/arm-none-eabi/7.3.1/thumb/v7-m/crtn.o
                0x0000000020004fff                _estack = 0x20004fff
                0x0000000000000200                _Min_Heap_Size = 0x200
                0x0000000000000400                _Min_Stack_Size = 0x400

.isr_vector     0x0000000008000000      0x10c
                0x0000000008000000                . = ALIGN (0x4)
 *(.isr_vector)
 .isr_vector    0x0000000008000000      0x10c Startup/startup_stm32f103rbtx.o
                0x0000000008000000                g_pfnVectors
                0x000000000800010c                . = ALIGN (0x4)

.text           0x000000000800010c     0x2e20
                0x000000000800010c                . = ALIGN (0x4)
 *(.text)
 .text          0x000000000800010c       0x40 /opt/st/stm32cubeide_1.0.0/plugins/com.st.stm32cube.ide.mcu.externaltools.gnu-tools-for-stm32.7-2018-q2-update.linux64_1.0.0.201904181610/tools/bin/../lib/gcc/arm-none-eabi/7.3.1/thumb/v7-m/crtbegin.o
 .text          0x000000000800014c       0xc0 Drivers/DSP_Lib/Source/TransformFunctions/arm_bitreversal2.o
                0x000000000800014c                arm_bitreversal_32
                0x00000000080001b6                arm_bitreversal_16
 .text          0x000000000800020c      0x21c /opt/st/stm32cubeide_1.0.0/plugins/com.st.stm32cube.ide.mcu.externaltools.gnu-tools-for-stm32.7-2018-q2-update.linux64_1.0.0.201904181610/tools/bin/../lib/gcc/arm-none-eabi/7.3.1/thumb/v7-m/libgcc.a(_arm_addsubsf3.o)
                0x000000000800020c                __aeabi_frsub
                0x0000000008000214                __subsf3
                0x0000000008000214                __aeabi_fsub
                0x0000000008000218                __aeabi_fadd
                0x0000000008000218                __addsf3
                0x0000000008000378                __aeabi_ui2f
                0x0000000008000378                __floatunsisf
                0x0000000008000380                __aeabi_i2f
                0x0000000008000380                __floatsisf
                0x000000000800039c                __floatundisf
                0x000000000800039c                __aeabi_ul2f
                0x00000000080003ac                __floatdisf
                0x00000000080003ac                __aeabi_l2f
 .text          0x0000000008000428      0x2a0 /opt/st/stm32cubeide_1.0.0/plugins/com.st.stm32cube.ide.mcu.externaltools.gnu-tools-for-stm32.7-2018-q2-update.linux64_1.0.0.201904181610/tools/bin/../lib/gcc/arm-none-eabi/7.3.1/thumb/v7-m/libgcc.a(_arm_muldivsf3.o)
                0x0000000008000428                __mulsf3
                0x0000000008000428                __aeabi_fmul
                0x0000000008000590                __divsf3
                0x0000000008000590                __aeabi_fdiv
 .text          0x00000000080006c8       0x4c /opt/st/stm32cubeide_1.0.0/plugins/com.st.stm32cube.ide.mcu.externaltools.gnu-tools-for-stm32.7-2018-q2-update.linux64_1.0.0.201904181610/tools/bin/../lib/gcc/arm-none-eabi/7.3.1/thumb/v7-m/libgcc.a(_arm_fixsfsi.o)
                0x00000000080006c8                __fixsfsi
                0x00000000080006c8                __aeabi_f2iz
 *(.text*)
 .text.arm_cmplx_mag_q15
                0x0000000008000714       0xc8 Drivers/DSP_Lib/Source/ComplexMathFunctions/arm_cmplx_mag_q15.o
                0x0000000008000714                arm_cmplx_mag_q15
 .text.arm_sqrt_q15
                0x00000000080007dc       0xe0 Drivers/DSP_Lib/Source/FastMathFunctions/arm_sqrt_q15.o
                0x00000000080007dc                arm_sqrt_q15
 .text.arm_cfft_radix4by2_q15
                0x00000000080008bc      0x11c Drivers/DSP_Lib/Source/TransformFunctions/arm_cfft_q15.o
                0x00000000080008bc                arm_cfft_radix4by2_q15
 .text.arm_cfft_radix4by2_inverse_q15
                0x00000000080009d8      0x11c Drivers/DSP_Lib/Source/TransformFunctions/arm_cfft_q15.o
                0x00000000080009d8                arm_cfft_radix4by2_inverse_q15
 .text.arm_cfft_q15
                0x0000000008000af4       0xbc Drivers/DSP_Lib/Source/TransformFunctions/arm_cfft_q15.o
                0x0000000008000af4                arm_cfft_q15
 .text.arm_radix4_butterfly_q15
                0x0000000008000bb0      0x554 Drivers/DSP_Lib/Source/TransformFunctions/arm_cfft_radix4_q15.o
                0x0000000008000bb0                arm_radix4_butterfly_q15
 .text.arm_radix4_butterfly_inverse_q15
                0x0000000008001104      0x554 Drivers/DSP_Lib/Source/TransformFunctions/arm_cfft_radix4_q15.o
                0x0000000008001104                arm_radix4_butterfly_inverse_q15
 .text.arm_rfft_init_q15
                0x0000000008001658       0xfc Drivers/DSP_Lib/Source/TransformFunctions/arm_rfft_init_q15.o
                0x0000000008001658                arm_rfft_init_q15
 .text.arm_split_rfft_q15
                0x0000000008001754       0xf8 Drivers/DSP_Lib/Source/TransformFunctions/arm_rfft_q15.o
                0x0000000008001754                arm_split_rfft_q15
 .text.arm_rfft_q15
                0x000000000800184c      0x100 Drivers/DSP_Lib/Source/TransformFunctions/arm_rfft_q15.o
                0x000000000800184c                arm_rfft_q15
 .text.HAL_InitTick
                0x000000000800194c       0x48 Drivers/STM32F1xx_HAL_Driver/Src/stm32f1xx_hal.o
                0x000000000800194c                HAL_InitTick
 .text.HAL_Init
                0x0000000008001994       0x24 Drivers/STM32F1xx_HAL_Driver/Src/stm32f1xx_hal.o
                0x0000000008001994                HAL_Init
 .text.HAL_IncTick
                0x00000000080019b8       0x18 Drivers/STM32F1xx_HAL_Driver/Src/stm32f1xx_hal.o
                0x00000000080019b8                HAL_IncTick
 .text.HAL_GetTick
                0x00000000080019d0        0xc Drivers/STM32F1xx_HAL_Driver/Src/stm32f1xx_hal.o
                0x00000000080019d0                HAL_GetTick
 .text.HAL_ADC_Init
                0x00000000080019dc      0x180 Drivers/STM32F1xx_HAL_Driver/Src/stm32f1xx_hal_adc.o
                0x00000000080019dc                HAL_ADC_Init
 .text.HAL_ADC_ConfigChannel
                0x0000000008001b5c      0x120 Drivers/STM32F1xx_HAL_Driver/Src/stm32f1xx_hal_adc.o
                0x0000000008001b5c                HAL_ADC_ConfigChannel
 .text.HAL_NVIC_SetPriorityGrouping
                0x0000000008001c7c       0x24 Drivers/STM32F1xx_HAL_Driver/Src/stm32f1xx_hal_cortex.o
                0x0000000008001c7c                HAL_NVIC_SetPriorityGrouping
 .text.HAL_NVIC_SetPriority
                0x0000000008001ca0       0x6c Drivers/STM32F1xx_HAL_Driver/Src/stm32f1xx_hal_cortex.o
                0x0000000008001ca0                HAL_NVIC_SetPriority
 .text.HAL_NVIC_EnableIRQ
                0x0000000008001d0c       0x18 Drivers/STM32F1xx_HAL_Driver/Src/stm32f1xx_hal_cortex.o
                0x0000000008001d0c                HAL_NVIC_EnableIRQ
 .text.HAL_SYSTICK_Config
                0x0000000008001d24       0x30 Drivers/STM32F1xx_HAL_Driver/Src/stm32f1xx_hal_cortex.o
                0x0000000008001d24                HAL_SYSTICK_Config
 .text.HAL_DMA_Init
                0x0000000008001d54       0x68 Drivers/STM32F1xx_HAL_Driver/Src/stm32f1xx_hal_dma.o
                0x0000000008001d54                HAL_DMA_Init
 .text.HAL_DMA_IRQHandler
                0x0000000008001dbc      0x12c Drivers/STM32F1xx_HAL_Driver/Src/stm32f1xx_hal_dma.o
                0x0000000008001dbc                HAL_DMA_IRQHandler
 .text.HAL_GPIO_Init
                0x0000000008001ee8      0x1e0 Drivers/STM32F1xx_HAL_Driver/Src/stm32f1xx_hal_gpio.o
                0x0000000008001ee8                HAL_GPIO_Init
 .text.HAL_GPIO_WritePin
                0x00000000080020c8        0x8 Drivers/STM32F1xx_HAL_Driver/Src/stm32f1xx_hal_gpio.o
                0x00000000080020c8                HAL_GPIO_WritePin
 .text.HAL_RCC_OscConfig
                0x00000000080020d0      0x3d0 Drivers/STM32F1xx_HAL_Driver/Src/stm32f1xx_hal_rcc.o
                0x00000000080020d0                HAL_RCC_OscConfig
 .text.HAL_RCC_ClockConfig
                0x00000000080024a0      0x1c8 Drivers/STM32F1xx_HAL_Driver/Src/stm32f1xx_hal_rcc.o
                0x00000000080024a0                HAL_RCC_ClockConfig
 .text.HAL_RCCEx_PeriphCLKConfig
                0x0000000008002668      0x104 Drivers/STM32F1xx_HAL_Driver/Src/stm32f1xx_hal_rcc_ex.o
                0x0000000008002668                HAL_RCCEx_PeriphCLKConfig
 .text.LCD_write.part.0
                0x000000000800276c       0x58 Src/lcd.o
 .text.LCD_setRST
                0x00000000080027c4        0xc Src/lcd.o
                0x00000000080027c4                LCD_setRST
 .text.LCD_setCE
                0x00000000080027d0        0xc Src/lcd.o
                0x00000000080027d0                LCD_setCE
 .text.LCD_setDC
                0x00000000080027dc        0xc Src/lcd.o
                0x00000000080027dc                LCD_setDC
 .text.LCD_setDIN
                0x00000000080027e8        0xc Src/lcd.o
                0x00000000080027e8                LCD_setDIN
 .text.LCD_setCLK
                0x00000000080027f4        0xc Src/lcd.o
                0x00000000080027f4                LCD_setCLK
 .text.LCD_init
                0x0000000008002800       0x98 Src/lcd.o
                0x0000000008002800                LCD_init
 .text.LCD_print
                0x0000000008002898       0xe8 Src/lcd.o
                0x0000000008002898                LCD_print
 .text.SystemClock_Config
                0x0000000008002980       0x58 Src/main.o
                0x0000000008002980                SystemClock_Config
 .text.startup.main
                0x00000000080029d8      0x1c8 Src/main.o
                0x00000000080029d8                main
 .text.Error_Handler
                0x0000000008002ba0        0x4 Src/main.o
                0x0000000008002ba0                Error_Handler
 .text.HAL_MspInit
                0x0000000008002ba4       0x44 Src/stm32f1xx_hal_msp.o
                0x0000000008002ba4                HAL_MspInit
 .text.HAL_ADC_MspInit
                0x0000000008002be8       0x98 Src/stm32f1xx_hal_msp.o
                0x0000000008002be8                HAL_ADC_MspInit
 .text.NMI_Handler
                0x0000000008002c80        0x4 Src/stm32f1xx_it.o
                0x0000000008002c80                NMI_Handler
 .text.HardFault_Handler
                0x0000000008002c84        0x4 Src/stm32f1xx_it.o
                0x0000000008002c84                HardFault_Handler
 .text.MemManage_Handler
                0x0000000008002c88        0x4 Src/stm32f1xx_it.o
                0x0000000008002c88                MemManage_Handler
 .text.BusFault_Handler
                0x0000000008002c8c        0x4 Src/stm32f1xx_it.o
                0x0000000008002c8c                BusFault_Handler
 .text.UsageFault_Handler
                0x0000000008002c90        0x4 Src/stm32f1xx_it.o
                0x0000000008002c90                UsageFault_Handler
 .text.SVC_Handler
                0x0000000008002c94        0x4 Src/stm32f1xx_it.o
                0x0000000008002c94                SVC_Handler
 .text.DebugMon_Handler
                0x0000000008002c98        0x4 Src/stm32f1xx_it.o
                0x0000000008002c98                DebugMon_Handler
 .text.PendSV_Handler
                0x0000000008002c9c        0x4 Src/stm32f1xx_it.o
                0x0000000008002c9c                PendSV_Handler
 .text.SysTick_Handler
                0x0000000008002ca0        0x4 Src/stm32f1xx_it.o
                0x0000000008002ca0                SysTick_Handler
 .text.DMA1_Channel1_IRQHandler
                0x0000000008002ca4        0xc Src/stm32f1xx_it.o
                0x0000000008002ca4                DMA1_Channel1_IRQHandler
 .text.SystemInit
                0x0000000008002cb0       0x50 Src/system_stm32f1xx.o
                0x0000000008002cb0                SystemInit
 .text.Reset_Handler
                0x0000000008002d00       0x48 Startup/startup_stm32f103rbtx.o
                0x0000000008002d00                Reset_Handler
 .text.Default_Handler
                0x0000000008002d48        0x2 Startup/startup_stm32f103rbtx.o
                0x0000000008002d48                RTC_Alarm_IRQHandler
                0x0000000008002d48                EXTI2_IRQHandler
                0x0000000008002d48                TIM1_CC_IRQHandler
                0x0000000008002d48                PVD_IRQHandler
                0x0000000008002d48                EXTI3_IRQHandler
                0x0000000008002d48                EXTI0_IRQHandler
                0x0000000008002d48                I2C2_EV_IRQHandler
                0x0000000008002d48                ADC1_2_IRQHandler
                0x0000000008002d48                SPI1_IRQHandler
                0x0000000008002d48                TAMPER_IRQHandler
                0x0000000008002d48                DMA1_Channel4_IRQHandler
                0x0000000008002d48                USART3_IRQHandler
                0x0000000008002d48                RTC_IRQHandler
                0x0000000008002d48                DMA1_Channel7_IRQHandler
                0x0000000008002d48                CAN1_RX1_IRQHandler
                0x0000000008002d48                TIM4_IRQHandler
                0x0000000008002d48                I2C1_EV_IRQHandler
                0x0000000008002d48                DMA1_Channel6_IRQHandler
                0x0000000008002d48                TIM3_IRQHandler
                0x0000000008002d48                RCC_IRQHandler
                0x0000000008002d48                TIM1_TRG_COM_IRQHandler
                0x0000000008002d48                Default_Handler
                0x0000000008002d48                EXTI15_10_IRQHandler
                0x0000000008002d48                EXTI9_5_IRQHandler
                0x0000000008002d48                SPI2_IRQHandler
                0x0000000008002d48                DMA1_Channel5_IRQHandler
                0x0000000008002d48                EXTI4_IRQHandler
                0x0000000008002d48                USB_LP_CAN1_RX0_IRQHandler
                0x0000000008002d48                USB_HP_CAN1_TX_IRQHandler
                0x0000000008002d48                DMA1_Channel3_IRQHandler
                0x0000000008002d48                TIM1_UP_IRQHandler
                0x0000000008002d48                WWDG_IRQHandler
                0x0000000008002d48                TIM2_IRQHandler
                0x0000000008002d48                TIM1_BRK_IRQHandler
                0x0000000008002d48                EXTI1_IRQHandler
                0x0000000008002d48                USART2_IRQHandler
                0x0000000008002d48                I2C2_ER_IRQHandler
                0x0000000008002d48                DMA1_Channel2_IRQHandler
                0x0000000008002d48                CAN1_SCE_IRQHandler
                0x0000000008002d48                FLASH_IRQHandler
                0x0000000008002d48                USART1_IRQHandler
                0x0000000008002d48                I2C1_ER_IRQHandler
                0x0000000008002d48                USBWakeUp_IRQHandler
 .text.atoi     0x0000000008002d4a        0x8 /opt/st/stm32cubeide_1.0.0/plugins/com.st.stm32cube.ide.mcu.externaltools.gnu-tools-for-stm32.7-2018-q2-update.linux64_1.0.0.201904181610/tools/bin/../lib/gcc/arm-none-eabi/7.3.1/../../../../arm-none-eabi/lib/thumb/v7-m/libc_nano.a(lib_a-atoi.o)
                0x0000000008002d4a                atoi
 *fill*         0x0000000008002d52        0x2 
 .text.__libc_init_array
                0x0000000008002d54       0x48 /opt/st/stm32cubeide_1.0.0/plugins/com.st.stm32cube.ide.mcu.externaltools.gnu-tools-for-stm32.7-2018-q2-update.linux64_1.0.0.201904181610/tools/bin/../lib/gcc/arm-none-eabi/7.3.1/../../../../arm-none-eabi/lib/thumb/v7-m/libc_nano.a(lib_a-init.o)
                0x0000000008002d54                __libc_init_array
 .text.memset   0x0000000008002d9c       0x10 /opt/st/stm32cubeide_1.0.0/plugins/com.st.stm32cube.ide.mcu.externaltools.gnu-tools-for-stm32.7-2018-q2-update.linux64_1.0.0.201904181610/tools/bin/../lib/gcc/arm-none-eabi/7.3.1/../../../../arm-none-eabi/lib/thumb/v7-m/libc_nano.a(lib_a-memset.o)
                0x0000000008002d9c                memset
 .text._strtol_l.isra.0
                0x0000000008002dac       0xf6 /opt/st/stm32cubeide_1.0.0/plugins/com.st.stm32cube.ide.mcu.externaltools.gnu-tools-for-stm32.7-2018-q2-update.linux64_1.0.0.201904181610/tools/bin/../lib/gcc/arm-none-eabi/7.3.1/../../../../arm-none-eabi/lib/thumb/v7-m/libc_nano.a(lib_a-strtol.o)
 *fill*         0x0000000008002ea2        0x2 
 .text.strtol   0x0000000008002ea4       0x2c /opt/st/stm32cubeide_1.0.0/plugins/com.st.stm32cube.ide.mcu.externaltools.gnu-tools-for-stm32.7-2018-q2-update.linux64_1.0.0.201904181610/tools/bin/../lib/gcc/arm-none-eabi/7.3.1/../../../../arm-none-eabi/lib/thumb/v7-m/libc_nano.a(lib_a-strtol.o)
                0x0000000008002ea4                strtol
 .text.__locale_ctype_ptr_l
                0x0000000008002ed0        0x6 /opt/st/stm32cubeide_1.0.0/plugins/com.st.stm32cube.ide.mcu.externaltools.gnu-tools-for-stm32.7-2018-q2-update.linux64_1.0.0.201904181610/tools/bin/../lib/gcc/arm-none-eabi/7.3.1/../../../../arm-none-eabi/lib/thumb/v7-m/libc_nano.a(lib_a-locale.o)
                0x0000000008002ed0                __locale_ctype_ptr_l
 .text.__ascii_mbtowc
                0x0000000008002ed6       0x24 /opt/st/stm32cubeide_1.0.0/plugins/com.st.stm32cube.ide.mcu.externaltools.gnu-tools-for-stm32.7-2018-q2-update.linux64_1.0.0.201904181610/tools/bin/../lib/gcc/arm-none-eabi/7.3.1/../../../../arm-none-eabi/lib/thumb/v7-m/libc_nano.a(lib_a-mbtowc_r.o)
                0x0000000008002ed6                __ascii_mbtowc
 .text.__ascii_wctomb
                0x0000000008002efa       0x1a /opt/st/stm32cubeide_1.0.0/plugins/com.st.stm32cube.ide.mcu.externaltools.gnu-tools-for-stm32.7-2018-q2-update.linux64_1.0.0.201904181610/tools/bin/../lib/gcc/arm-none-eabi/7.3.1/../../../../arm-none-eabi/lib/thumb/v7-m/libc_nano.a(lib_a-wctomb_r.o)
                0x0000000008002efa                __ascii_wctomb
 *(.glue_7)
 .glue_7        0x0000000008002f14        0x0 linker stubs
 *(.glue_7t)
 .glue_7t       0x0000000008002f14        0x0 linker stubs
 *(.eh_frame)
 .eh_frame      0x0000000008002f14        0x0 /opt/st/stm32cubeide_1.0.0/plugins/com.st.stm32cube.ide.mcu.externaltools.gnu-tools-for-stm32.7-2018-q2-update.linux64_1.0.0.201904181610/tools/bin/../lib/gcc/arm-none-eabi/7.3.1/thumb/v7-m/crtbegin.o
 *(.init)
 .init          0x0000000008002f14        0x4 /opt/st/stm32cubeide_1.0.0/plugins/com.st.stm32cube.ide.mcu.externaltools.gnu-tools-for-stm32.7-2018-q2-update.linux64_1.0.0.201904181610/tools/bin/../lib/gcc/arm-none-eabi/7.3.1/thumb/v7-m/crti.o
                0x0000000008002f14                _init
 .init          0x0000000008002f18        0x8 /opt/st/stm32cubeide_1.0.0/plugins/com.st.stm32cube.ide.mcu.externaltools.gnu-tools-for-stm32.7-2018-q2-update.linux64_1.0.0.201904181610/tools/bin/../lib/gcc/arm-none-eabi/7.3.1/thumb/v7-m/crtn.o
 *(.fini)
 .fini          0x0000000008002f20        0x4 /opt/st/stm32cubeide_1.0.0/plugins/com.st.stm32cube.ide.mcu.externaltools.gnu-tools-for-stm32.7-2018-q2-update.linux64_1.0.0.201904181610/tools/bin/../lib/gcc/arm-none-eabi/7.3.1/thumb/v7-m/crti.o
                0x0000000008002f20                _fini
 .fini          0x0000000008002f24        0x8 /opt/st/stm32cubeide_1.0.0/plugins/com.st.stm32cube.ide.mcu.externaltools.gnu-tools-for-stm32.7-2018-q2-update.linux64_1.0.0.201904181610/tools/bin/../lib/gcc/arm-none-eabi/7.3.1/thumb/v7-m/crtn.o
                0x0000000008002f2c                . = ALIGN (0x4)
                0x0000000008002f2c                _etext = .

.vfp11_veneer   0x0000000008002f2c        0x0
 .vfp11_veneer  0x0000000008002f2c        0x0 linker stubs

.v4_bx          0x0000000008002f2c        0x0
 .v4_bx         0x0000000008002f2c        0x0 linker stubs

.iplt           0x0000000008002f2c        0x0
 .iplt          0x0000000008002f2c        0x0 /opt/st/stm32cubeide_1.0.0/plugins/com.st.stm32cube.ide.mcu.externaltools.gnu-tools-for-stm32.7-2018-q2-update.linux64_1.0.0.201904181610/tools/bin/../lib/gcc/arm-none-eabi/7.3.1/thumb/v7-m/crtbegin.o

.rodata         0x0000000008002f2c    0x121e4
                0x0000000008002f2c                . = ALIGN (0x4)
 *(.rodata)
 .rodata        0x0000000008002f2c       0x10 Drivers/STM32F1xx_HAL_Driver/Src/stm32f1xx_hal_rcc.o
 *(.rodata*)
 .rodata.armBitRevIndexTable_fixed_1024
                0x0000000008002f3c      0x7c0 Drivers/DSP_Lib/Source/CommonTables/arm_common_tables.o
                0x0000000008002f3c                armBitRevIndexTable_fixed_1024
 .rodata.armBitRevIndexTable_fixed_128
                0x00000000080036fc       0xe0 Drivers/DSP_Lib/Source/CommonTables/arm_common_tables.o
                0x00000000080036fc                armBitRevIndexTable_fixed_128
 .rodata.armBitRevIndexTable_fixed_16
                0x00000000080037dc       0x18 Drivers/DSP_Lib/Source/CommonTables/arm_common_tables.o
                0x00000000080037dc                armBitRevIndexTable_fixed_16
 .rodata.armBitRevIndexTable_fixed_2048
                0x00000000080037f4      0xf80 Drivers/DSP_Lib/Source/CommonTables/arm_common_tables.o
                0x00000000080037f4                armBitRevIndexTable_fixed_2048
 .rodata.armBitRevIndexTable_fixed_256
                0x0000000008004774      0x1e0 Drivers/DSP_Lib/Source/CommonTables/arm_common_tables.o
                0x0000000008004774                armBitRevIndexTable_fixed_256
 .rodata.armBitRevIndexTable_fixed_32
                0x0000000008004954       0x30 Drivers/DSP_Lib/Source/CommonTables/arm_common_tables.o
                0x0000000008004954                armBitRevIndexTable_fixed_32
 .rodata.armBitRevIndexTable_fixed_4096
                0x0000000008004984     0x1f80 Drivers/DSP_Lib/Source/CommonTables/arm_common_tables.o
                0x0000000008004984                armBitRevIndexTable_fixed_4096
 .rodata.armBitRevIndexTable_fixed_512
                0x0000000008006904      0x3c0 Drivers/DSP_Lib/Source/CommonTables/arm_common_tables.o
                0x0000000008006904                armBitRevIndexTable_fixed_512
 .rodata.armBitRevIndexTable_fixed_64
                0x0000000008006cc4       0x70 Drivers/DSP_Lib/Source/CommonTables/arm_common_tables.o
                0x0000000008006cc4                armBitRevIndexTable_fixed_64
 .rodata.twiddleCoef_1024_q15
                0x0000000008006d34      0xc00 Drivers/DSP_Lib/Source/CommonTables/arm_common_tables.o
                0x0000000008006d34                twiddleCoef_1024_q15
 .rodata.twiddleCoef_128_q15
                0x0000000008007934      0x180 Drivers/DSP_Lib/Source/CommonTables/arm_common_tables.o
                0x0000000008007934                twiddleCoef_128_q15
 .rodata.twiddleCoef_16_q15
                0x0000000008007ab4       0x30 Drivers/DSP_Lib/Source/CommonTables/arm_common_tables.o
                0x0000000008007ab4                twiddleCoef_16_q15
 .rodata.twiddleCoef_2048_q15
                0x0000000008007ae4     0x1800 Drivers/DSP_Lib/Source/CommonTables/arm_common_tables.o
                0x0000000008007ae4                twiddleCoef_2048_q15
 .rodata.twiddleCoef_256_q15
                0x00000000080092e4      0x300 Drivers/DSP_Lib/Source/CommonTables/arm_common_tables.o
                0x00000000080092e4                twiddleCoef_256_q15
 .rodata.twiddleCoef_32_q15
                0x00000000080095e4       0x60 Drivers/DSP_Lib/Source/CommonTables/arm_common_tables.o
                0x00000000080095e4                twiddleCoef_32_q15
 .rodata.twiddleCoef_4096_q15
                0x0000000008009644     0x3000 Drivers/DSP_Lib/Source/CommonTables/arm_common_tables.o
                0x0000000008009644                twiddleCoef_4096_q15
 .rodata.twiddleCoef_512_q15
                0x000000000800c644      0x600 Drivers/DSP_Lib/Source/CommonTables/arm_common_tables.o
                0x000000000800c644                twiddleCoef_512_q15
 .rodata.twiddleCoef_64_q15
                0x000000000800cc44       0xc0 Drivers/DSP_Lib/Source/CommonTables/arm_common_tables.o
                0x000000000800cc44                twiddleCoef_64_q15
 .rodata.arm_cfft_sR_q15_len1024
                0x000000000800cd04       0x10 Drivers/DSP_Lib/Source/CommonTables/arm_const_structs.o
                0x000000000800cd04                arm_cfft_sR_q15_len1024
 .rodata.arm_cfft_sR_q15_len128
                0x000000000800cd14       0x10 Drivers/DSP_Lib/Source/CommonTables/arm_const_structs.o
                0x000000000800cd14                arm_cfft_sR_q15_len128
 .rodata.arm_cfft_sR_q15_len16
                0x000000000800cd24       0x10 Drivers/DSP_Lib/Source/CommonTables/arm_const_structs.o
                0x000000000800cd24                arm_cfft_sR_q15_len16
 .rodata.arm_cfft_sR_q15_len2048
                0x000000000800cd34       0x10 Drivers/DSP_Lib/Source/CommonTables/arm_const_structs.o
                0x000000000800cd34                arm_cfft_sR_q15_len2048
 .rodata.arm_cfft_sR_q15_len256
                0x000000000800cd44       0x10 Drivers/DSP_Lib/Source/CommonTables/arm_const_structs.o
                0x000000000800cd44                arm_cfft_sR_q15_len256
 .rodata.arm_cfft_sR_q15_len32
                0x000000000800cd54       0x10 Drivers/DSP_Lib/Source/CommonTables/arm_const_structs.o
                0x000000000800cd54                arm_cfft_sR_q15_len32
 .rodata.arm_cfft_sR_q15_len4096
                0x000000000800cd64       0x10 Drivers/DSP_Lib/Source/CommonTables/arm_const_structs.o
                0x000000000800cd64                arm_cfft_sR_q15_len4096
 .rodata.arm_cfft_sR_q15_len512
                0x000000000800cd74       0x10 Drivers/DSP_Lib/Source/CommonTables/arm_const_structs.o
                0x000000000800cd74                arm_cfft_sR_q15_len512
 .rodata.arm_cfft_sR_q15_len64
                0x000000000800cd84       0x10 Drivers/DSP_Lib/Source/CommonTables/arm_const_structs.o
                0x000000000800cd84                arm_cfft_sR_q15_len64
 .rodata.realCoefAQ15
                0x000000000800cd94     0x4000 Drivers/DSP_Lib/Source/TransformFunctions/arm_rfft_init_q15.o
 .rodata.realCoefBQ15
                0x0000000008010d94     0x4000 Drivers/DSP_Lib/Source/TransformFunctions/arm_rfft_init_q15.o
 .rodata.ASCII  0x0000000008014d94      0x240 Src/lcd.o
 .rodata.main.str1.4
                0x0000000008014fd4       0x20 Src/main.o
                                         0x1f (size before relaxing)
 .rodata.AHBPrescTable
                0x0000000008014ff4       0x10 Src/system_stm32f1xx.o
                0x0000000008014ff4                AHBPrescTable
 .rodata._setlocale_r.str1.1
                0x0000000008015004        0x8 /opt/st/stm32cubeide_1.0.0/plugins/com.st.stm32cube.ide.mcu.externaltools.gnu-tools-for-stm32.7-2018-q2-update.linux64_1.0.0.201904181610/tools/bin/../lib/gcc/arm-none-eabi/7.3.1/../../../../arm-none-eabi/lib/thumb/v7-m/libc_nano.a(lib_a-locale.o)
                                          0x9 (size before relaxing)
 .rodata.str1.1
                0x000000000801500c        0x2 /opt/st/stm32cubeide_1.0.0/plugins/com.st.stm32cube.ide.mcu.externaltools.gnu-tools-for-stm32.7-2018-q2-update.linux64_1.0.0.201904181610/tools/bin/../lib/gcc/arm-none-eabi/7.3.1/../../../../arm-none-eabi/lib/thumb/v7-m/libc_nano.a(lib_a-locale.o)
 .rodata._ctype_
                0x000000000801500e      0x101 /opt/st/stm32cubeide_1.0.0/plugins/com.st.stm32cube.ide.mcu.externaltools.gnu-tools-for-stm32.7-2018-q2-update.linux64_1.0.0.201904181610/tools/bin/../lib/gcc/arm-none-eabi/7.3.1/../../../../arm-none-eabi/lib/thumb/v7-m/libc_nano.a(lib_a-ctype_.o)
                0x000000000801500e                _ctype_
                0x0000000008015110                . = ALIGN (0x4)
 *fill*         0x000000000801510f        0x1 

.rel.dyn        0x0000000008015110        0x0
 .rel.iplt      0x0000000008015110        0x0 /opt/st/stm32cubeide_1.0.0/plugins/com.st.stm32cube.ide.mcu.externaltools.gnu-tools-for-stm32.7-2018-q2-update.linux64_1.0.0.201904181610/tools/bin/../lib/gcc/arm-none-eabi/7.3.1/thumb/v7-m/crtbegin.o

.ARM.extab      0x0000000008015110        0x0
                0x0000000008015110                . = ALIGN (0x4)
 *(.ARM.extab* .gnu.linkonce.armextab.*)
                0x0000000008015110                . = ALIGN (0x4)

.ARM            0x0000000008015110        0x0
                0x0000000008015110                . = ALIGN (0x4)
                0x0000000008015110                __exidx_start = .
 *(.ARM.exidx*)
                0x0000000008015110                __exidx_end = .
                0x0000000008015110                . = ALIGN (0x4)

.preinit_array  0x0000000008015110        0x0
                0x0000000008015110                . = ALIGN (0x4)
                0x0000000008015110                PROVIDE (__preinit_array_start = .)
 *(.preinit_array*)
                0x0000000008015110                PROVIDE (__preinit_array_end = .)
                0x0000000008015110                . = ALIGN (0x4)

.init_array     0x0000000008015110        0x4
                0x0000000008015110                . = ALIGN (0x4)
                0x0000000008015110                PROVIDE (__init_array_start = .)
 *(SORT_BY_NAME(.init_array.*))
 *(.init_array*)
 .init_array    0x0000000008015110        0x4 /opt/st/stm32cubeide_1.0.0/plugins/com.st.stm32cube.ide.mcu.externaltools.gnu-tools-for-stm32.7-2018-q2-update.linux64_1.0.0.201904181610/tools/bin/../lib/gcc/arm-none-eabi/7.3.1/thumb/v7-m/crtbegin.o
                0x0000000008015114                PROVIDE (__init_array_end = .)
                0x0000000008015114                . = ALIGN (0x4)

.fini_array     0x0000000008015114        0x4
                0x0000000008015114                . = ALIGN (0x4)
                [!provide]                        PROVIDE (__fini_array_start = .)
 *(SORT_BY_NAME(.fini_array.*))
 *(.fini_array*)
 .fini_array    0x0000000008015114        0x4 /opt/st/stm32cubeide_1.0.0/plugins/com.st.stm32cube.ide.mcu.externaltools.gnu-tools-for-stm32.7-2018-q2-update.linux64_1.0.0.201904181610/tools/bin/../lib/gcc/arm-none-eabi/7.3.1/thumb/v7-m/crtbegin.o
                [!provide]                        PROVIDE (__fini_array_end = .)
                0x0000000008015118                . = ALIGN (0x4)
                0x0000000008015118                _sidata = LOADADDR (.data)

.data           0x0000000020000000      0x1e0 load address 0x0000000008015118
                0x0000000020000000                . = ALIGN (0x4)
                0x0000000020000000                _sdata = .
 *(.data)
 *(.data*)
 .data.uwTickFreq
                0x0000000020000000        0x1 Drivers/STM32F1xx_HAL_Driver/Src/stm32f1xx_hal.o
                0x0000000020000000                uwTickFreq
 *fill*         0x0000000020000001        0x3 
 .data.uwTickPrio
                0x0000000020000004        0x4 Drivers/STM32F1xx_HAL_Driver/Src/stm32f1xx_hal.o
                0x0000000020000004                uwTickPrio
 .data.FFT_SIZE
                0x0000000020000008        0x4 Src/main.o
                0x0000000020000008                FFT_SIZE
 .data.SystemCoreClock
                0x000000002000000c        0x4 Src/system_stm32f1xx.o
                0x000000002000000c                SystemCoreClock
 .data._impure_ptr
                0x0000000020000010        0x4 /opt/st/stm32cubeide_1.0.0/plugins/com.st.stm32cube.ide.mcu.externaltools.gnu-tools-for-stm32.7-2018-q2-update.linux64_1.0.0.201904181610/tools/bin/../lib/gcc/arm-none-eabi/7.3.1/../../../../arm-none-eabi/lib/thumb/v7-m/libc_nano.a(lib_a-impure.o)
                0x0000000020000010                _impure_ptr
 .data.impure_data
                0x0000000020000014       0x60 /opt/st/stm32cubeide_1.0.0/plugins/com.st.stm32cube.ide.mcu.externaltools.gnu-tools-for-stm32.7-2018-q2-update.linux64_1.0.0.201904181610/tools/bin/../lib/gcc/arm-none-eabi/7.3.1/../../../../arm-none-eabi/lib/thumb/v7-m/libc_nano.a(lib_a-impure.o)
 .data.__global_locale
                0x0000000020000074      0x16c /opt/st/stm32cubeide_1.0.0/plugins/com.st.stm32cube.ide.mcu.externaltools.gnu-tools-for-stm32.7-2018-q2-update.linux64_1.0.0.201904181610/tools/bin/../lib/gcc/arm-none-eabi/7.3.1/../../../../arm-none-eabi/lib/thumb/v7-m/libc_nano.a(lib_a-locale.o)
                0x0000000020000074                __global_locale
                0x00000000200001e0                . = ALIGN (0x4)
                0x00000000200001e0                _edata = .

.igot.plt       0x00000000200001e0        0x0 load address 0x00000000080152f8
 .igot.plt      0x00000000200001e0        0x0 /opt/st/stm32cubeide_1.0.0/plugins/com.st.stm32cube.ide.mcu.externaltools.gnu-tools-for-stm32.7-2018-q2-update.linux64_1.0.0.201904181610/tools/bin/../lib/gcc/arm-none-eabi/7.3.1/thumb/v7-m/crtbegin.o
                0x00000000200001e0                . = ALIGN (0x4)

.bss            0x00000000200001e0      0x2d8 load address 0x00000000080152f8
                0x00000000200001e0                _sbss = .
                0x00000000200001e0                __bss_start__ = _sbss
 *(.bss)
 .bss           0x00000000200001e0       0x1c /opt/st/stm32cubeide_1.0.0/plugins/com.st.stm32cube.ide.mcu.externaltools.gnu-tools-for-stm32.7-2018-q2-update.linux64_1.0.0.201904181610/tools/bin/../lib/gcc/arm-none-eabi/7.3.1/thumb/v7-m/crtbegin.o
 *(.bss*)
 *(COMMON)
 COMMON         0x00000000200001fc        0x4 Drivers/STM32F1xx_HAL_Driver/Src/stm32f1xx_hal.o
                0x00000000200001fc                uwTick
 COMMON         0x0000000020000200      0x221 Src/lcd.o
                0x0000000020000200                lcd_gpio
                0x0000000020000228                lcd
 *fill*         0x0000000020000421        0x3 
 COMMON         0x0000000020000424       0x91 Src/main.o
                0x0000000020000424                k
                0x0000000020000428                S
                0x0000000020000440                hadc1
                0x0000000020000470                hdma_adc1
                0x00000000200004b4                status
                0x00000000200004b8                . = ALIGN (0x4)
 *fill*         0x00000000200004b5        0x3 
                0x00000000200004b8                _ebss = .
                0x00000000200004b8                __bss_end__ = _ebss

._user_heap_stack
                0x00000000200004b8      0x600 load address 0x00000000080152f8
                0x00000000200004b8                . = ALIGN (0x8)
                0x00000000200004b8                PROVIDE (end = .)
                [!provide]                        PROVIDE (_end = .)
                0x00000000200006b8                . = (. + _Min_Heap_Size)
 *fill*         0x00000000200004b8      0x200 
                0x0000000020000ab8                . = (. + _Min_Stack_Size)
 *fill*         0x00000000200006b8      0x400 
                0x0000000020000ab8                . = ALIGN (0x8)

/DISCARD/
 libc.a(*)
 libm.a(*)
 libgcc.a(*)

.ARM.attributes
                0x0000000000000000       0x29
 *(.ARM.attributes)
 .ARM.attributes
                0x0000000000000000       0x1d /opt/st/stm32cubeide_1.0.0/plugins/com.st.stm32cube.ide.mcu.externaltools.gnu-tools-for-stm32.7-2018-q2-update.linux64_1.0.0.201904181610/tools/bin/../lib/gcc/arm-none-eabi/7.3.1/thumb/v7-m/crti.o
 .ARM.attributes
                0x000000000000001d       0x2d /opt/st/stm32cubeide_1.0.0/plugins/com.st.stm32cube.ide.mcu.externaltools.gnu-tools-for-stm32.7-2018-q2-update.linux64_1.0.0.201904181610/tools/bin/../lib/gcc/arm-none-eabi/7.3.1/thumb/v7-m/crtbegin.o
 .ARM.attributes
                0x000000000000004a       0x33 Drivers/DSP_Lib/Source/CommonTables/arm_common_tables.o
 .ARM.attributes
                0x000000000000007d       0x33 Drivers/DSP_Lib/Source/CommonTables/arm_const_structs.o
 .ARM.attributes
                0x00000000000000b0       0x33 Drivers/DSP_Lib/Source/ComplexMathFunctions/arm_cmplx_mag_q15.o
 .ARM.attributes
                0x00000000000000e3       0x33 Drivers/DSP_Lib/Source/FastMathFunctions/arm_sqrt_q15.o
 .ARM.attributes
                0x0000000000000116       0x21 Drivers/DSP_Lib/Source/TransformFunctions/arm_bitreversal2.o
 .ARM.attributes
                0x0000000000000137       0x33 Drivers/DSP_Lib/Source/TransformFunctions/arm_cfft_q15.o
 .ARM.attributes
                0x000000000000016a       0x33 Drivers/DSP_Lib/Source/TransformFunctions/arm_cfft_radix4_q15.o
 .ARM.attributes
                0x000000000000019d       0x33 Drivers/DSP_Lib/Source/TransformFunctions/arm_rfft_init_q15.o
 .ARM.attributes
                0x00000000000001d0       0x33 Drivers/DSP_Lib/Source/TransformFunctions/arm_rfft_q15.o
 .ARM.attributes
                0x0000000000000203       0x33 Drivers/STM32F1xx_HAL_Driver/Src/stm32f1xx_hal.o
 .ARM.attributes
                0x0000000000000236       0x33 Drivers/STM32F1xx_HAL_Driver/Src/stm32f1xx_hal_adc.o
 .ARM.attributes
                0x0000000000000269       0x33 Drivers/STM32F1xx_HAL_Driver/Src/stm32f1xx_hal_cortex.o
 .ARM.attributes
                0x000000000000029c       0x33 Drivers/STM32F1xx_HAL_Driver/Src/stm32f1xx_hal_dma.o
 .ARM.attributes
                0x00000000000002cf       0x33 Drivers/STM32F1xx_HAL_Driver/Src/stm32f1xx_hal_gpio.o
 .ARM.attributes
                0x0000000000000302       0x33 Drivers/STM32F1xx_HAL_Driver/Src/stm32f1xx_hal_rcc.o
 .ARM.attributes
                0x0000000000000335       0x33 Drivers/STM32F1xx_HAL_Driver/Src/stm32f1xx_hal_rcc_ex.o
 .ARM.attributes
                0x0000000000000368       0x33 Src/lcd.o
 .ARM.attributes
                0x000000000000039b       0x33 Src/main.o
 .ARM.attributes
                0x00000000000003ce       0x33 Src/stm32f1xx_hal_msp.o
 .ARM.attributes
                0x0000000000000401       0x33 Src/stm32f1xx_it.o
 .ARM.attributes
                0x0000000000000434       0x33 Src/system_stm32f1xx.o
 .ARM.attributes
                0x0000000000000467       0x21 Startup/startup_stm32f103rbtx.o
 .ARM.attributes
                0x0000000000000488       0x2d /opt/st/stm32cubeide_1.0.0/plugins/com.st.stm32cube.ide.mcu.externaltools.gnu-tools-for-stm32.7-2018-q2-update.linux64_1.0.0.201904181610/tools/bin/../lib/gcc/arm-none-eabi/7.3.1/../../../../arm-none-eabi/lib/thumb/v7-m/libc_nano.a(lib_a-atoi.o)
 .ARM.attributes
                0x00000000000004b5       0x2d /opt/st/stm32cubeide_1.0.0/plugins/com.st.stm32cube.ide.mcu.externaltools.gnu-tools-for-stm32.7-2018-q2-update.linux64_1.0.0.201904181610/tools/bin/../lib/gcc/arm-none-eabi/7.3.1/../../../../arm-none-eabi/lib/thumb/v7-m/libc_nano.a(lib_a-impure.o)
 .ARM.attributes
                0x00000000000004e2       0x2d /opt/st/stm32cubeide_1.0.0/plugins/com.st.stm32cube.ide.mcu.externaltools.gnu-tools-for-stm32.7-2018-q2-update.linux64_1.0.0.201904181610/tools/bin/../lib/gcc/arm-none-eabi/7.3.1/../../../../arm-none-eabi/lib/thumb/v7-m/libc_nano.a(lib_a-init.o)
 .ARM.attributes
                0x000000000000050f       0x2d /opt/st/stm32cubeide_1.0.0/plugins/com.st.stm32cube.ide.mcu.externaltools.gnu-tools-for-stm32.7-2018-q2-update.linux64_1.0.0.201904181610/tools/bin/../lib/gcc/arm-none-eabi/7.3.1/../../../../arm-none-eabi/lib/thumb/v7-m/libc_nano.a(lib_a-memset.o)
 .ARM.attributes
                0x000000000000053c       0x2d /opt/st/stm32cubeide_1.0.0/plugins/com.st.stm32cube.ide.mcu.externaltools.gnu-tools-for-stm32.7-2018-q2-update.linux64_1.0.0.201904181610/tools/bin/../lib/gcc/arm-none-eabi/7.3.1/../../../../arm-none-eabi/lib/thumb/v7-m/libc_nano.a(lib_a-strtol.o)
 .ARM.attributes
                0x0000000000000569       0x2d /opt/st/stm32cubeide_1.0.0/plugins/com.st.stm32cube.ide.mcu.externaltools.gnu-tools-for-stm32.7-2018-q2-update.linux64_1.0.0.201904181610/tools/bin/../lib/gcc/arm-none-eabi/7.3.1/../../../../arm-none-eabi/lib/thumb/v7-m/libc_nano.a(lib_a-locale.o)
 .ARM.attributes
                0x0000000000000596       0x2d /opt/st/stm32cubeide_1.0.0/plugins/com.st.stm32cube.ide.mcu.externaltools.gnu-tools-for-stm32.7-2018-q2-update.linux64_1.0.0.201904181610/tools/bin/../lib/gcc/arm-none-eabi/7.3.1/../../../../arm-none-eabi/lib/thumb/v7-m/libc_nano.a(lib_a-mbtowc_r.o)
 .ARM.attributes
                0x00000000000005c3       0x2d /opt/st/stm32cubeide_1.0.0/plugins/com.st.stm32cube.ide.mcu.externaltools.gnu-tools-for-stm32.7-2018-q2-update.linux64_1.0.0.201904181610/tools/bin/../lib/gcc/arm-none-eabi/7.3.1/../../../../arm-none-eabi/lib/thumb/v7-m/libc_nano.a(lib_a-wctomb_r.o)
 .ARM.attributes
                0x00000000000005f0       0x2d /opt/st/stm32cubeide_1.0.0/plugins/com.st.stm32cube.ide.mcu.externaltools.gnu-tools-for-stm32.7-2018-q2-update.linux64_1.0.0.201904181610/tools/bin/../lib/gcc/arm-none-eabi/7.3.1/../../../../arm-none-eabi/lib/thumb/v7-m/libc_nano.a(lib_a-ctype_.o)
 .ARM.attributes
                0x000000000000061d       0x1d /opt/st/stm32cubeide_1.0.0/plugins/com.st.stm32cube.ide.mcu.externaltools.gnu-tools-for-stm32.7-2018-q2-update.linux64_1.0.0.201904181610/tools/bin/../lib/gcc/arm-none-eabi/7.3.1/thumb/v7-m/libgcc.a(_arm_addsubsf3.o)
 .ARM.attributes
                0x000000000000063a       0x1d /opt/st/stm32cubeide_1.0.0/plugins/com.st.stm32cube.ide.mcu.externaltools.gnu-tools-for-stm32.7-2018-q2-update.linux64_1.0.0.201904181610/tools/bin/../lib/gcc/arm-none-eabi/7.3.1/thumb/v7-m/libgcc.a(_arm_muldivsf3.o)
 .ARM.attributes
                0x0000000000000657       0x1d /opt/st/stm32cubeide_1.0.0/plugins/com.st.stm32cube.ide.mcu.externaltools.gnu-tools-for-stm32.7-2018-q2-update.linux64_1.0.0.201904181610/tools/bin/../lib/gcc/arm-none-eabi/7.3.1/thumb/v7-m/libgcc.a(_arm_fixsfsi.o)
 .ARM.attributes
                0x0000000000000674       0x1d /opt/st/stm32cubeide_1.0.0/plugins/com.st.stm32cube.ide.mcu.externaltools.gnu-tools-for-stm32.7-2018-q2-update.linux64_1.0.0.201904181610/tools/bin/../lib/gcc/arm-none-eabi/7.3.1/thumb/v7-m/crtn.o
OUTPUT(fft.elf elf32-littlearm)

.comment        0x0000000000000000       0x7b
 .comment       0x0000000000000000       0x7b Drivers/DSP_Lib/Source/CommonTables/arm_common_tables.o
                                         0x7c (size before relaxing)
 .comment       0x000000000000007b       0x7c Drivers/DSP_Lib/Source/CommonTables/arm_const_structs.o
 .comment       0x000000000000007b       0x7c Drivers/DSP_Lib/Source/ComplexMathFunctions/arm_cmplx_mag_q15.o
 .comment       0x000000000000007b       0x7c Drivers/DSP_Lib/Source/FastMathFunctions/arm_sqrt_q15.o
 .comment       0x000000000000007b       0x7c Drivers/DSP_Lib/Source/TransformFunctions/arm_cfft_q15.o
 .comment       0x000000000000007b       0x7c Drivers/DSP_Lib/Source/TransformFunctions/arm_cfft_radix4_q15.o
 .comment       0x000000000000007b       0x7c Drivers/DSP_Lib/Source/TransformFunctions/arm_rfft_init_q15.o
 .comment       0x000000000000007b       0x7c Drivers/DSP_Lib/Source/TransformFunctions/arm_rfft_q15.o
 .comment       0x000000000000007b       0x7c Drivers/STM32F1xx_HAL_Driver/Src/stm32f1xx_hal.o
 .comment       0x000000000000007b       0x7c Drivers/STM32F1xx_HAL_Driver/Src/stm32f1xx_hal_adc.o
 .comment       0x000000000000007b       0x7c Drivers/STM32F1xx_HAL_Driver/Src/stm32f1xx_hal_cortex.o
 .comment       0x000000000000007b       0x7c Drivers/STM32F1xx_HAL_Driver/Src/stm32f1xx_hal_dma.o
 .comment       0x000000000000007b       0x7c Drivers/STM32F1xx_HAL_Driver/Src/stm32f1xx_hal_gpio.o
 .comment       0x000000000000007b       0x7c Drivers/STM32F1xx_HAL_Driver/Src/stm32f1xx_hal_rcc.o
 .comment       0x000000000000007b       0x7c Drivers/STM32F1xx_HAL_Driver/Src/stm32f1xx_hal_rcc_ex.o
 .comment       0x000000000000007b       0x7c Src/lcd.o
 .comment       0x000000000000007b       0x7c Src/main.o
 .comment       0x000000000000007b       0x7c Src/stm32f1xx_hal_msp.o
 .comment       0x000000000000007b       0x7c Src/stm32f1xx_it.o
 .comment       0x000000000000007b       0x7c Src/system_stm32f1xx.o

.debug_frame    0x0000000000000000      0x294
 .debug_frame   0x0000000000000000       0x30 /opt/st/stm32cubeide_1.0.0/plugins/com.st.stm32cube.ide.mcu.externaltools.gnu-tools-for-stm32.7-2018-q2-update.linux64_1.0.0.201904181610/tools/bin/../lib/gcc/arm-none-eabi/7.3.1/../../../../arm-none-eabi/lib/thumb/v7-m/libc_nano.a(lib_a-atoi.o)
 .debug_frame   0x0000000000000030       0x2c /opt/st/stm32cubeide_1.0.0/plugins/com.st.stm32cube.ide.mcu.externaltools.gnu-tools-for-stm32.7-2018-q2-update.linux64_1.0.0.201904181610/tools/bin/../lib/gcc/arm-none-eabi/7.3.1/../../../../arm-none-eabi/lib/thumb/v7-m/libc_nano.a(lib_a-init.o)
 .debug_frame   0x000000000000005c       0x20 /opt/st/stm32cubeide_1.0.0/plugins/com.st.stm32cube.ide.mcu.externaltools.gnu-tools-for-stm32.7-2018-q2-update.linux64_1.0.0.201904181610/tools/bin/../lib/gcc/arm-none-eabi/7.3.1/../../../../arm-none-eabi/lib/thumb/v7-m/libc_nano.a(lib_a-memset.o)
 .debug_frame   0x000000000000007c       0x84 /opt/st/stm32cubeide_1.0.0/plugins/com.st.stm32cube.ide.mcu.externaltools.gnu-tools-for-stm32.7-2018-q2-update.linux64_1.0.0.201904181610/tools/bin/../lib/gcc/arm-none-eabi/7.3.1/../../../../arm-none-eabi/lib/thumb/v7-m/libc_nano.a(lib_a-strtol.o)
 .debug_frame   0x0000000000000100       0x68 /opt/st/stm32cubeide_1.0.0/plugins/com.st.stm32cube.ide.mcu.externaltools.gnu-tools-for-stm32.7-2018-q2-update.linux64_1.0.0.201904181610/tools/bin/../lib/gcc/arm-none-eabi/7.3.1/../../../../arm-none-eabi/lib/thumb/v7-m/libc_nano.a(lib_a-locale.o)
 .debug_frame   0x0000000000000168       0x48 /opt/st/stm32cubeide_1.0.0/plugins/com.st.stm32cube.ide.mcu.externaltools.gnu-tools-for-stm32.7-2018-q2-update.linux64_1.0.0.201904181610/tools/bin/../lib/gcc/arm-none-eabi/7.3.1/../../../../arm-none-eabi/lib/thumb/v7-m/libc_nano.a(lib_a-mbtowc_r.o)
 .debug_frame   0x00000000000001b0       0x3c /opt/st/stm32cubeide_1.0.0/plugins/com.st.stm32cube.ide.mcu.externaltools.gnu-tools-for-stm32.7-2018-q2-update.linux64_1.0.0.201904181610/tools/bin/../lib/gcc/arm-none-eabi/7.3.1/../../../../arm-none-eabi/lib/thumb/v7-m/libc_nano.a(lib_a-wctomb_r.o)
 .debug_frame   0x00000000000001ec       0x4c /opt/st/stm32cubeide_1.0.0/plugins/com.st.stm32cube.ide.mcu.externaltools.gnu-tools-for-stm32.7-2018-q2-update.linux64_1.0.0.201904181610/tools/bin/../lib/gcc/arm-none-eabi/7.3.1/thumb/v7-m/libgcc.a(_arm_addsubsf3.o)
 .debug_frame   0x0000000000000238       0x38 /opt/st/stm32cubeide_1.0.0/plugins/com.st.stm32cube.ide.mcu.externaltools.gnu-tools-for-stm32.7-2018-q2-update.linux64_1.0.0.201904181610/tools/bin/../lib/gcc/arm-none-eabi/7.3.1/thumb/v7-m/libgcc.a(_arm_muldivsf3.o)
 .debug_frame   0x0000000000000270       0x24 /opt/st/stm32cubeide_1.0.0/plugins/com.st.stm32cube.ide.mcu.externaltools.gnu-tools-for-stm32.7-2018-q2-update.linux64_1.0.0.201904181610/tools/bin/../lib/gcc/arm-none-eabi/7.3.1/thumb/v7-m/libgcc.a(_arm_fixsfsi.o)
