lcd.c:8:6:LCD_setRST	16	static
lcd.c:13:6:LCD_setCE	16	static
lcd.c:18:6:LCD_setDC	16	static
lcd.c:22:6:LCD_setDIN	16	static
lcd.c:27:6:LCD_setCLK	16	static
lcd.c:38:6:LCD_send	24	static
lcd.c:53:6:LCD_write	16	static
lcd.c:71:6:LCD_init	8	static
lcd.c:88:6:LCD_invert	16	static
lcd.c:101:6:LCD_invertText	16	static
lcd.c:114:6:LCD_putChar	24	static
lcd.c:128:6:LCD_print	16	static
lcd.c:138:6:LCD_clrScr	16	static
lcd.c:150:6:LCD_goXY	16	static
lcd.c:158:6:LCD_refreshScr	16	static
lcd.c:174:6:LCD_refreshArea	32	static
lcd.c:191:6:LCD_setPixel	16	static
lcd.c:211:6:LCD_drawHLine	40	static
lcd.c:229:6:LCD_drawVLine	32	static
lcd.c:243:5:abs	16	static
lcd.c:257:6:LCD_drawLine	80	static
lcd.c:336:6:LCD_drawRectangle	24	static
lcd.c:343:9:long_int_size	24	static
lcd.c:355:6:lcd_out_number	40	static
